[2026-04-28 09:25:22] local.ERROR: Target class [config] does not exist. {"exception":"[object] (Illuminate\\Contracts\\Container\\BindingResolutionException(code: 0): Target class [config] does not exist. at C:/xampp/htdocs/faspool-laravel/vendor/laravel/framework/src/Illuminate/Container/Container.php:1124)
[stacktrace]
#0 C:/xampp/htdocs/faspool-laravel/vendor/laravel/framework/src/Illuminate/Container/Container.php(933): Illuminate/Container/Container->build('config')
#1 C:/xampp/htdocs/faspool-laravel/vendor/laravel/framework/src/Illuminate/Foundation/Application.php(1078): Illuminate/Container/Container->resolve('config', Array, true)
#2 C:/xampp/htdocs/faspool-laravel/vendor/laravel/framework/src/Illuminate/Container/Container.php(864): Illuminate/Foundation/Application->resolve('config', Array)
#3 C:/xampp/htdocs/faspool-laravel/vendor/laravel/framework/src/Illuminate/Foundation/Application.php(1058): Illuminate/Container/Container->make('config', Array)
#4 C:/xampp/htdocs/faspool-laravel/vendor/laravel/framework/src/Illuminate/Foundation/helpers.php(138): Illuminate/Foundation/Application->make('config', Array)
#5 C:/xampp/htdocs/faspool-laravel/vendor/laravel/framework/src/Illuminate/Foundation/helpers.php(321): app('config')
#6 C:/xampp/htdocs/faspool-laravel/vendor/laravel/sanctum/src/SanctumServiceProvider.php(27): config('auth.guards.san...', Array)
#7 C:/xampp/htdocs/faspool-laravel/vendor/laravel/framework/src/Illuminate/Foundation/Application.php(896): Laravel/Sanctum/SanctumServiceProvider->register()
#8 C:/xampp/htdocs/faspool-laravel/vendor/laravel/framework/src/Illuminate/Foundation/ProviderRepository.php(74): Illuminate/Foundation/Application->register(Object(Laravel/Sanctum/SanctumServiceProvider))
#9 C:/xampp/htdocs/faspool-laravel/vendor/laravel/framework/src/Illuminate/Foundation/Application.php(871): Illuminate/Foundation/ProviderRepository->load(Array)
#10 C:/xampp/htdocs/faspool-laravel/vendor/laravel/framework/src/Illuminate/Foundation/Bootstrap/RegisterProviders.php(37): Illuminate/Foundation/Application->registerConfiguredProviders()
#11 C:/xampp/htdocs/faspool-laravel/vendor/laravel/framework/src/Illuminate/Foundation/Application.php(342): Illuminate/Foundation/Bootstrap/RegisterProviders->bootstrap(Object(Illuminate/Foundation/Application))
#12 C:/xampp/htdocs/faspool-laravel/vendor/laravel/framework/src/Illuminate/Foundation/Console/Kernel.php(494): Illuminate/Foundation/Application->bootstrapWith(Array)
#13 C:/xampp/htdocs/faspool-laravel/vendor/laravel/framework/src/Illuminate/Foundation/Console/Kernel.php(196): Illuminate/Foundation/Console/Kernel->bootstrap()
#14 C:/xampp/htdocs/faspool-laravel/vendor/laravel/framework/src/Illuminate/Foundation/Application.php(1235): Illuminate/Foundation/Console/Kernel->handle(Object(Symfony/Component/Console/Input/ArgvInput), Object(Symfony/Component/Console/Output/ConsoleOutput))
#15 C:/xampp/htdocs/faspool-laravel/artisan(16): Illuminate/Foundation/Application->handleCommand(Object(Symfony/Component/Console/Input/ArgvInput))
#16 {main}

[previous exception] [object] (ReflectionException(code: -1): Class \"config\" does not exist at C:/xampp/htdocs/faspool-laravel/vendor/laravel/framework/src/Illuminate/Container/Container.php:1122)
[stacktrace]
#0 C:/xampp/htdocs/faspool-laravel/vendor/laravel/framework/src/Illuminate/Container/Container.php(1122): ReflectionClass->__construct('config')
#1 C:/xampp/htdocs/faspool-laravel/vendor/laravel/framework/src/Illuminate/Container/Container.php(933): Illuminate/Container/Container->build('config')
#2 C:/xampp/htdocs/faspool-laravel/vendor/laravel/framework/src/Illuminate/Foundation/Application.php(1078): Illuminate/Container/Container->resolve('config', Array, true)
#3 C:/xampp/htdocs/faspool-laravel/vendor/laravel/framework/src/Illuminate/Container/Container.php(864): Illuminate/Foundation/Application->resolve('config', Array)
#4 C:/xampp/htdocs/faspool-laravel/vendor/laravel/framework/src/Illuminate/Foundation/Application.php(1058): Illuminate/Container/Container->make('config', Array)
#5 C:/xampp/htdocs/faspool-laravel/vendor/laravel/framework/src/Illuminate/Foundation/helpers.php(138): Illuminate/Foundation/Application->make('config', Array)
#6 C:/xampp/htdocs/faspool-laravel/vendor/laravel/framework/src/Illuminate/Foundation/helpers.php(321): app('config')
#7 C:/xampp/htdocs/faspool-laravel/vendor/laravel/sanctum/src/SanctumServiceProvider.php(27): config('auth.guards.san...', Array)
#8 C:/xampp/htdocs/faspool-laravel/vendor/laravel/framework/src/Illuminate/Foundation/Application.php(896): Laravel/Sanctum/SanctumServiceProvider->register()
#9 C:/xampp/htdocs/faspool-laravel/vendor/laravel/framework/src/Illuminate/Foundation/ProviderRepository.php(74): Illuminate/Foundation/Application->register(Object(Laravel/Sanctum/SanctumServiceProvider))
#10 C:/xampp/htdocs/faspool-laravel/vendor/laravel/framework/src/Illuminate/Foundation/Application.php(871): Illuminate/Foundation/ProviderRepository->load(Array)
#11 C:/xampp/htdocs/faspool-laravel/vendor/laravel/framework/src/Illuminate/Foundation/Bootstrap/RegisterProviders.php(37): Illuminate/Foundation/Application->registerConfiguredProviders()
#12 C:/xampp/htdocs/faspool-laravel/vendor/laravel/framework/src/Illuminate/Foundation/Application.php(342): Illuminate/Foundation/Bootstrap/RegisterProviders->bootstrap(Object(Illuminate/Foundation/Application))
#13 C:/xampp/htdocs/faspool-laravel/vendor/laravel/framework/src/Illuminate/Foundation/Console/Kernel.php(494): Illuminate/Foundation/Application->bootstrapWith(Array)
#14 C:/xampp/htdocs/faspool-laravel/vendor/laravel/framework/src/Illuminate/Foundation/Console/Kernel.php(196): Illuminate/Foundation/Console/Kernel->bootstrap()
#15 C:/xampp/htdocs/faspool-laravel/vendor/laravel/framework/src/Illuminate/Foundation/Application.php(1235): Illuminate/Foundation/Console/Kernel->handle(Object(Symfony/Component/Console/Input/ArgvInput), Object(Symfony/Component/Console/Output/ConsoleOutput))
#16 C:/xampp/htdocs/faspool-laravel/artisan(16): Illuminate/Foundation/Application->handleCommand(Object(Symfony/Component/Console/Input/ArgvInput))
#17 {main}
"} 
